<testsuites id="" name="" tests="1" failures="1" skipped="0" errors="0" time="16.155981999999845">
<testsuite name="SWAG-US002-login.spec.ts" timestamp="2026-04-16T03:11:08.974Z" hostname="chromium" tests="1" failures="1" skipped="0" time="14.702" errors="0">
<testcase name="SWAG-US002 用户登录 › SWAG-LOGIN-001 正确凭证登录成功跳转商品列表" classname="SWAG-US002-login.spec.ts" time="14.702">
<failure message="SWAG-US002-login.spec.ts:25:7 SWAG-LOGIN-001 正确凭证登录成功跳转商品列表" type="FAILURE">
<![CDATA[  [chromium] › SWAG-US002-login.spec.ts:25:7 › SWAG-US002 用户登录 › SWAG-LOGIN-001 正确凭证登录成功跳转商品列表 ─────

    Error: locator.fill: Target page, context or browser has been closed
    Call log:
      - waiting for getByTestId('username')


       at ..\pages\LoginPage.ts:26

      24 |   // --- Actions ---
      25 |   async login(username: string, password: string) {
    > 26 |     await this.usernameInput.fill(username);
         |                              ^
      27 |     await this.passwordInput.fill(password);
      28 |     await this.loginButton.click();
      29 |   }
        at LoginPage.login (D:\Programs\playwright_demo\pages\LoginPage.ts:26:30)
        at D:\Programs\playwright_demo\tests\SWAG-US002-login.spec.ts:29:21

    attachment #1: video (video/webm) ──────────────────────────────────────────────────────────────
    ..\test-results\SWAG-US002-login-SWAG-US00-34a41-AG-LOGIN-001-正确凭证登录成功跳转商品列表-chromium\video.webm
    ────────────────────────────────────────────────────────────────────────────────────────────────
]]>
</failure>
<system-out>
<![CDATA[前提条件: 打开登录页
步骤1: 输入正确用户名
步骤2: 输入正确密码
步骤3: 点击 Login 按钮

[[ATTACHMENT|SWAG-US002-login-SWAG-US00-34a41-AG-LOGIN-001-正确凭证登录成功跳转商品列表-chromium\video.webm]]
]]>
</system-out>
</testcase>
</testsuite>
</testsuites>